[ 2026-09-01 15:46:25,339 ] 99 NutritionAI - INFO - 
--- Bắt đầu quét thư mục schema: D:\NutritionAI_V1\src\api\data_schema ---
[ 2026-09-01 15:46:25,665 ] 56 NutritionAI - INFO - Đang xử lý DDL cho bảng "raw"."dailyActivity_merged"...
[ 2026-09-01 15:46:25,676 ] 83 NutritionAI - INFO - ✅ Đã tạo bảng "raw"."dailyActivity_merged" thành công!
[ 2026-09-01 15:46:25,679 ] 56 NutritionAI - INFO - Đang xử lý DDL cho bảng "raw"."heartrate_seconds_merged"...
[ 2026-09-01 15:46:25,687 ] 83 NutritionAI - INFO - ✅ Đã tạo bảng "raw"."heartrate_seconds_merged" thành công!
[ 2026-09-01 15:46:25,688 ] 56 NutritionAI - INFO - Đang xử lý DDL cho bảng "raw"."hourlyCalories_merged"...
[ 2026-09-01 15:46:25,692 ] 83 NutritionAI - INFO - ✅ Đã tạo bảng "raw"."hourlyCalories_merged" thành công!
[ 2026-09-01 15:46:25,693 ] 56 NutritionAI - INFO - Đang xử lý DDL cho bảng "raw"."hourlyIntensities_merged"...
[ 2026-09-01 15:46:25,695 ] 83 NutritionAI - INFO - ✅ Đã tạo bảng "raw"."hourlyIntensities_merged" thành công!
[ 2026-09-01 15:46:25,695 ] 56 NutritionAI - INFO - Đang xử lý DDL cho bảng "raw"."hourlySteps_merged"...
[ 2026-09-01 15:46:25,700 ] 83 NutritionAI - INFO - ✅ Đã tạo bảng "raw"."hourlySteps_merged" thành công!
[ 2026-09-01 15:46:25,700 ] 56 NutritionAI - INFO - Đang xử lý DDL cho bảng "raw"."minuteCaloriesNarrow_merged"...
[ 2026-09-01 15:46:25,700 ] 83 NutritionAI - INFO - ✅ Đã tạo bảng "raw"."minuteCaloriesNarrow_merged" thành công!
[ 2026-09-01 15:46:25,700 ] 56 NutritionAI - INFO - Đang xử lý DDL cho bảng "raw"."minuteIntensitiesNarrow_merged"...
[ 2026-09-01 15:46:25,709 ] 83 NutritionAI - INFO - ✅ Đã tạo bảng "raw"."minuteIntensitiesNarrow_merged" thành công!
[ 2026-09-01 15:46:25,709 ] 56 NutritionAI - INFO - Đang xử lý DDL cho bảng "raw"."minuteMETsNarrow_merged"...
[ 2026-09-01 15:46:25,713 ] 83 NutritionAI - INFO - ✅ Đã tạo bảng "raw"."minuteMETsNarrow_merged" thành công!
[ 2026-09-01 15:46:25,713 ] 56 NutritionAI - INFO - Đang xử lý DDL cho bảng "raw"."minuteSleep_merged"...
[ 2026-09-01 15:46:25,717 ] 83 NutritionAI - INFO - ✅ Đã tạo bảng "raw"."minuteSleep_merged" thành công!
[ 2026-09-01 15:46:25,717 ] 56 NutritionAI - INFO - Đang xử lý DDL cho bảng "raw"."minuteStepsNarrow_merged"...
[ 2026-09-01 15:46:25,722 ] 83 NutritionAI - INFO - ✅ Đã tạo bảng "raw"."minuteStepsNarrow_merged" thành công!
[ 2026-09-01 15:46:25,722 ] 56 NutritionAI - INFO - Đang xử lý DDL cho bảng "raw"."weightLogInfo_merged"...
[ 2026-09-01 15:46:25,722 ] 83 NutritionAI - INFO - ✅ Đã tạo bảng "raw"."weightLogInfo_merged" thành công!
