[ 2026-09-01 15:53:25,387 ] 51 NutritionAI - INFO - 🚀 Khởi động tiến trình Bulk Load dữ liệu...
[ 2026-09-01 15:53:25,458 ] 77 NutritionAI - INFO - 
=== Bắt đầu xử lý cấu hình: 'raw' (Format: folder) ===
[ 2026-09-01 15:53:25,459 ] 94 NutritionAI - INFO - 📂 Đã tìm thấy 11 file CSV. Bắt đầu nạp hàng loạt...
[ 2026-09-01 15:53:25,459 ] 35 NutritionAI - INFO -   -> Đang nạp file 'dailyActivity_merged.csv' vào bảng 'raw.dailyActivity_merged'...
[ 2026-09-01 15:53:25,459 ] 31 src.postgres.data_io.bulk_loader - INFO - Bắt đầu quá trình Bulk Load cho bảng 'raw.dailyActivity_merged' từ file 'D:\NutritionAI_V1\Data\raw\Fitabase Data 3.12.16-4.11.16\dailyActivity_merged.csv'...
[ 2026-09-01 15:53:25,460 ] 34 src.postgres.data_io.bulk_loader - INFO - Tăng maintenance_work_mem lên 2GB
[ 2026-09-01 15:53:25,460 ] 38 src.postgres.data_io.bulk_loader - INFO - Tạm thời gỡ bỏ các ràng buộc khóa ngoại và chỉ mục (Cần implement chi tiết DDL)...
[ 2026-09-01 15:53:25,461 ] 43 src.postgres.data_io.bulk_loader - INFO - Thực thi lệnh COPY trực tiếp từ server file...
[ 2026-09-01 15:53:25,465 ] 62 src.postgres.data_io.bulk_loader - INFO - Đã COPY thành công. Số dòng bị ảnh hưởng: 457
[ 2026-09-01 15:53:25,465 ] 65 src.postgres.data_io.bulk_loader - INFO - Tái thiết lập các ràng buộc khóa ngoại và xây dựng lại chỉ mục...
[ 2026-09-01 15:53:25,466 ] 70 src.postgres.data_io.bulk_loader - INFO - Transaction COMMIT thành công.
[ 2026-09-01 15:53:25,466 ] 101 src.postgres.data_io.bulk_loader - INFO - Tiến hành ANALYZE cho bảng raw.dailyActivity_merged...
[ 2026-09-01 15:53:25,471 ] 117 src.postgres.data_io.bulk_loader - INFO - ANALYZE hoàn tất. Thống kê của planner đã được cập nhật.
[ 2026-09-01 15:53:25,472 ] 44 NutritionAI - INFO -   ✅ Thành công: 'raw.dailyActivity_merged'
[ 2026-09-01 15:53:25,472 ] 35 NutritionAI - INFO -   -> Đang nạp file 'heartrate_seconds_merged.csv' vào bảng 'raw.heartrate_seconds_merged'...
[ 2026-09-01 15:53:25,472 ] 31 src.postgres.data_io.bulk_loader - INFO - Bắt đầu quá trình Bulk Load cho bảng 'raw.heartrate_seconds_merged' từ file 'D:\NutritionAI_V1\Data\raw\Fitabase Data 3.12.16-4.11.16\heartrate_seconds_merged.csv'...
[ 2026-09-01 15:53:25,472 ] 34 src.postgres.data_io.bulk_loader - INFO - Tăng maintenance_work_mem lên 2GB
[ 2026-09-01 15:53:25,473 ] 38 src.postgres.data_io.bulk_loader - INFO - Tạm thời gỡ bỏ các ràng buộc khóa ngoại và chỉ mục (Cần implement chi tiết DDL)...
[ 2026-09-01 15:53:25,473 ] 43 src.postgres.data_io.bulk_loader - INFO - Thực thi lệnh COPY trực tiếp từ server file...
[ 2026-09-01 15:53:26,962 ] 62 src.postgres.data_io.bulk_loader - INFO - Đã COPY thành công. Số dòng bị ảnh hưởng: 1154681
[ 2026-09-01 15:53:26,962 ] 65 src.postgres.data_io.bulk_loader - INFO - Tái thiết lập các ràng buộc khóa ngoại và xây dựng lại chỉ mục...
[ 2026-09-01 15:53:26,964 ] 70 src.postgres.data_io.bulk_loader - INFO - Transaction COMMIT thành công.
[ 2026-09-01 15:53:26,965 ] 101 src.postgres.data_io.bulk_loader - INFO - Tiến hành ANALYZE cho bảng raw.heartrate_seconds_merged...
[ 2026-09-01 15:53:27,347 ] 117 src.postgres.data_io.bulk_loader - INFO - ANALYZE hoàn tất. Thống kê của planner đã được cập nhật.
[ 2026-09-01 15:53:27,347 ] 44 NutritionAI - INFO -   ✅ Thành công: 'raw.heartrate_seconds_merged'
[ 2026-09-01 15:53:27,347 ] 35 NutritionAI - INFO -   -> Đang nạp file 'hourlyCalories_merged.csv' vào bảng 'raw.hourlyCalories_merged'...
[ 2026-09-01 15:53:27,347 ] 31 src.postgres.data_io.bulk_loader - INFO - Bắt đầu quá trình Bulk Load cho bảng 'raw.hourlyCalories_merged' từ file 'D:\NutritionAI_V1\Data\raw\Fitabase Data 3.12.16-4.11.16\hourlyCalories_merged.csv'...
[ 2026-09-01 15:53:27,349 ] 34 src.postgres.data_io.bulk_loader - INFO - Tăng maintenance_work_mem lên 2GB
[ 2026-09-01 15:53:27,349 ] 38 src.postgres.data_io.bulk_loader - INFO - Tạm thời gỡ bỏ các ràng buộc khóa ngoại và chỉ mục (Cần implement chi tiết DDL)...
[ 2026-09-01 15:53:27,349 ] 43 src.postgres.data_io.bulk_loader - INFO - Thực thi lệnh COPY trực tiếp từ server file...
[ 2026-09-01 15:53:27,369 ] 62 src.postgres.data_io.bulk_loader - INFO - Đã COPY thành công. Số dòng bị ảnh hưởng: 24084
[ 2026-09-01 15:53:27,369 ] 65 src.postgres.data_io.bulk_loader - INFO - Tái thiết lập các ràng buộc khóa ngoại và xây dựng lại chỉ mục...
[ 2026-09-01 15:53:27,369 ] 70 src.postgres.data_io.bulk_loader - INFO - Transaction COMMIT thành công.
[ 2026-09-01 15:53:27,369 ] 101 src.postgres.data_io.bulk_loader - INFO - Tiến hành ANALYZE cho bảng raw.hourlyCalories_merged...
[ 2026-09-01 15:53:27,463 ] 117 src.postgres.data_io.bulk_loader - INFO - ANALYZE hoàn tất. Thống kê của planner đã được cập nhật.
[ 2026-09-01 15:53:27,463 ] 44 NutritionAI - INFO -   ✅ Thành công: 'raw.hourlyCalories_merged'
[ 2026-09-01 15:53:27,463 ] 35 NutritionAI - INFO -   -> Đang nạp file 'hourlyIntensities_merged.csv' vào bảng 'raw.hourlyIntensities_merged'...
[ 2026-09-01 15:53:27,463 ] 31 src.postgres.data_io.bulk_loader - INFO - Bắt đầu quá trình Bulk Load cho bảng 'raw.hourlyIntensities_merged' từ file 'D:\NutritionAI_V1\Data\raw\Fitabase Data 3.12.16-4.11.16\hourlyIntensities_merged.csv'...
[ 2026-09-01 15:53:27,463 ] 34 src.postgres.data_io.bulk_loader - INFO - Tăng maintenance_work_mem lên 2GB
[ 2026-09-01 15:53:27,464 ] 38 src.postgres.data_io.bulk_loader - INFO - Tạm thời gỡ bỏ các ràng buộc khóa ngoại và chỉ mục (Cần implement chi tiết DDL)...
[ 2026-09-01 15:53:27,464 ] 43 src.postgres.data_io.bulk_loader - INFO - Thực thi lệnh COPY trực tiếp từ server file...
[ 2026-09-01 15:53:27,491 ] 62 src.postgres.data_io.bulk_loader - INFO - Đã COPY thành công. Số dòng bị ảnh hưởng: 24084
[ 2026-09-01 15:53:27,491 ] 65 src.postgres.data_io.bulk_loader - INFO - Tái thiết lập các ràng buộc khóa ngoại và xây dựng lại chỉ mục...
[ 2026-09-01 15:53:27,491 ] 70 src.postgres.data_io.bulk_loader - INFO - Transaction COMMIT thành công.
[ 2026-09-01 15:53:27,491 ] 101 src.postgres.data_io.bulk_loader - INFO - Tiến hành ANALYZE cho bảng raw.hourlyIntensities_merged...
[ 2026-09-01 15:53:27,587 ] 117 src.postgres.data_io.bulk_loader - INFO - ANALYZE hoàn tất. Thống kê của planner đã được cập nhật.
[ 2026-09-01 15:53:27,587 ] 44 NutritionAI - INFO -   ✅ Thành công: 'raw.hourlyIntensities_merged'
[ 2026-09-01 15:53:27,587 ] 35 NutritionAI - INFO -   -> Đang nạp file 'hourlySteps_merged.csv' vào bảng 'raw.hourlySteps_merged'...
[ 2026-09-01 15:53:27,587 ] 31 src.postgres.data_io.bulk_loader - INFO - Bắt đầu quá trình Bulk Load cho bảng 'raw.hourlySteps_merged' từ file 'D:\NutritionAI_V1\Data\raw\Fitabase Data 3.12.16-4.11.16\hourlySteps_merged.csv'...
[ 2026-09-01 15:53:27,587 ] 34 src.postgres.data_io.bulk_loader - INFO - Tăng maintenance_work_mem lên 2GB
[ 2026-09-01 15:53:27,587 ] 38 src.postgres.data_io.bulk_loader - INFO - Tạm thời gỡ bỏ các ràng buộc khóa ngoại và chỉ mục (Cần implement chi tiết DDL)...
[ 2026-09-01 15:53:27,587 ] 43 src.postgres.data_io.bulk_loader - INFO - Thực thi lệnh COPY trực tiếp từ server file...
[ 2026-09-01 15:53:27,608 ] 62 src.postgres.data_io.bulk_loader - INFO - Đã COPY thành công. Số dòng bị ảnh hưởng: 24084
[ 2026-09-01 15:53:27,608 ] 65 src.postgres.data_io.bulk_loader - INFO - Tái thiết lập các ràng buộc khóa ngoại và xây dựng lại chỉ mục...
[ 2026-09-01 15:53:27,617 ] 70 src.postgres.data_io.bulk_loader - INFO - Transaction COMMIT thành công.
[ 2026-09-01 15:53:27,617 ] 101 src.postgres.data_io.bulk_loader - INFO - Tiến hành ANALYZE cho bảng raw.hourlySteps_merged...
[ 2026-09-01 15:53:27,701 ] 117 src.postgres.data_io.bulk_loader - INFO - ANALYZE hoàn tất. Thống kê của planner đã được cập nhật.
[ 2026-09-01 15:53:27,701 ] 44 NutritionAI - INFO -   ✅ Thành công: 'raw.hourlySteps_merged'
[ 2026-09-01 15:53:27,701 ] 35 NutritionAI - INFO -   -> Đang nạp file 'minuteCaloriesNarrow_merged.csv' vào bảng 'raw.minuteCaloriesNarrow_merged'...
[ 2026-09-01 15:53:27,707 ] 31 src.postgres.data_io.bulk_loader - INFO - Bắt đầu quá trình Bulk Load cho bảng 'raw.minuteCaloriesNarrow_merged' từ file 'D:\NutritionAI_V1\Data\raw\Fitabase Data 3.12.16-4.11.16\minuteCaloriesNarrow_merged.csv'...
[ 2026-09-01 15:53:27,707 ] 34 src.postgres.data_io.bulk_loader - INFO - Tăng maintenance_work_mem lên 2GB
[ 2026-09-01 15:53:27,707 ] 38 src.postgres.data_io.bulk_loader - INFO - Tạm thời gỡ bỏ các ràng buộc khóa ngoại và chỉ mục (Cần implement chi tiết DDL)...
[ 2026-09-01 15:53:27,708 ] 43 src.postgres.data_io.bulk_loader - INFO - Thực thi lệnh COPY trực tiếp từ server file...
[ 2026-09-01 15:53:30,317 ] 62 src.postgres.data_io.bulk_loader - INFO - Đã COPY thành công. Số dòng bị ảnh hưởng: 1445040
[ 2026-09-01 15:53:30,317 ] 65 src.postgres.data_io.bulk_loader - INFO - Tái thiết lập các ràng buộc khóa ngoại và xây dựng lại chỉ mục...
[ 2026-09-01 15:53:30,327 ] 70 src.postgres.data_io.bulk_loader - INFO - Transaction COMMIT thành công.
[ 2026-09-01 15:53:30,327 ] 101 src.postgres.data_io.bulk_loader - INFO - Tiến hành ANALYZE cho bảng raw.minuteCaloriesNarrow_merged...
[ 2026-09-01 15:53:30,817 ] 117 src.postgres.data_io.bulk_loader - INFO - ANALYZE hoàn tất. Thống kê của planner đã được cập nhật.
[ 2026-09-01 15:53:30,817 ] 44 NutritionAI - INFO -   ✅ Thành công: 'raw.minuteCaloriesNarrow_merged'
[ 2026-09-01 15:53:30,817 ] 35 NutritionAI - INFO -   -> Đang nạp file 'minuteIntensitiesNarrow_merged.csv' vào bảng 'raw.minuteIntensitiesNarrow_merged'...
[ 2026-09-01 15:53:30,817 ] 31 src.postgres.data_io.bulk_loader - INFO - Bắt đầu quá trình Bulk Load cho bảng 'raw.minuteIntensitiesNarrow_merged' từ file 'D:\NutritionAI_V1\Data\raw\Fitabase Data 3.12.16-4.11.16\minuteIntensitiesNarrow_merged.csv'...
[ 2026-09-01 15:53:30,817 ] 34 src.postgres.data_io.bulk_loader - INFO - Tăng maintenance_work_mem lên 2GB
[ 2026-09-01 15:53:30,827 ] 38 src.postgres.data_io.bulk_loader - INFO - Tạm thời gỡ bỏ các ràng buộc khóa ngoại và chỉ mục (Cần implement chi tiết DDL)...
[ 2026-09-01 15:53:30,827 ] 43 src.postgres.data_io.bulk_loader - INFO - Thực thi lệnh COPY trực tiếp từ server file...
[ 2026-09-01 15:53:32,633 ] 62 src.postgres.data_io.bulk_loader - INFO - Đã COPY thành công. Số dòng bị ảnh hưởng: 1445040
[ 2026-09-01 15:53:32,633 ] 65 src.postgres.data_io.bulk_loader - INFO - Tái thiết lập các ràng buộc khóa ngoại và xây dựng lại chỉ mục...
[ 2026-09-01 15:53:32,637 ] 70 src.postgres.data_io.bulk_loader - INFO - Transaction COMMIT thành công.
[ 2026-09-01 15:53:32,637 ] 101 src.postgres.data_io.bulk_loader - INFO - Tiến hành ANALYZE cho bảng raw.minuteIntensitiesNarrow_merged...
[ 2026-09-01 15:53:33,087 ] 117 src.postgres.data_io.bulk_loader - INFO - ANALYZE hoàn tất. Thống kê của planner đã được cập nhật.
[ 2026-09-01 15:53:33,087 ] 44 NutritionAI - INFO -   ✅ Thành công: 'raw.minuteIntensitiesNarrow_merged'
[ 2026-09-01 15:53:33,087 ] 35 NutritionAI - INFO -   -> Đang nạp file 'minuteMETsNarrow_merged.csv' vào bảng 'raw.minuteMETsNarrow_merged'...
[ 2026-09-01 15:53:33,087 ] 31 src.postgres.data_io.bulk_loader - INFO - Bắt đầu quá trình Bulk Load cho bảng 'raw.minuteMETsNarrow_merged' từ file 'D:\NutritionAI_V1\Data\raw\Fitabase Data 3.12.16-4.11.16\minuteMETsNarrow_merged.csv'...
[ 2026-09-01 15:53:33,087 ] 34 src.postgres.data_io.bulk_loader - INFO - Tăng maintenance_work_mem lên 2GB
[ 2026-09-01 15:53:33,087 ] 38 src.postgres.data_io.bulk_loader - INFO - Tạm thời gỡ bỏ các ràng buộc khóa ngoại và chỉ mục (Cần implement chi tiết DDL)...
[ 2026-09-01 15:53:33,087 ] 43 src.postgres.data_io.bulk_loader - INFO - Thực thi lệnh COPY trực tiếp từ server file...
[ 2026-09-01 15:53:34,902 ] 62 src.postgres.data_io.bulk_loader - INFO - Đã COPY thành công. Số dòng bị ảnh hưởng: 1445040
[ 2026-09-01 15:53:34,902 ] 65 src.postgres.data_io.bulk_loader - INFO - Tái thiết lập các ràng buộc khóa ngoại và xây dựng lại chỉ mục...
[ 2026-09-01 15:53:34,907 ] 70 src.postgres.data_io.bulk_loader - INFO - Transaction COMMIT thành công.
[ 2026-09-01 15:53:34,907 ] 101 src.postgres.data_io.bulk_loader - INFO - Tiến hành ANALYZE cho bảng raw.minuteMETsNarrow_merged...
[ 2026-09-01 15:53:35,387 ] 117 src.postgres.data_io.bulk_loader - INFO - ANALYZE hoàn tất. Thống kê của planner đã được cập nhật.
[ 2026-09-01 15:53:35,387 ] 44 NutritionAI - INFO -   ✅ Thành công: 'raw.minuteMETsNarrow_merged'
[ 2026-09-01 15:53:35,387 ] 35 NutritionAI - INFO -   -> Đang nạp file 'minuteSleep_merged.csv' vào bảng 'raw.minuteSleep_merged'...
[ 2026-09-01 15:53:35,387 ] 31 src.postgres.data_io.bulk_loader - INFO - Bắt đầu quá trình Bulk Load cho bảng 'raw.minuteSleep_merged' từ file 'D:\NutritionAI_V1\Data\raw\Fitabase Data 3.12.16-4.11.16\minuteSleep_merged.csv'...
[ 2026-09-01 15:53:35,387 ] 34 src.postgres.data_io.bulk_loader - INFO - Tăng maintenance_work_mem lên 2GB
[ 2026-09-01 15:53:35,387 ] 38 src.postgres.data_io.bulk_loader - INFO - Tạm thời gỡ bỏ các ràng buộc khóa ngoại và chỉ mục (Cần implement chi tiết DDL)...
[ 2026-09-01 15:53:35,387 ] 43 src.postgres.data_io.bulk_loader - INFO - Thực thi lệnh COPY trực tiếp từ server file...
[ 2026-09-01 15:53:35,687 ] 62 src.postgres.data_io.bulk_loader - INFO - Đã COPY thành công. Số dòng bị ảnh hưởng: 198559
[ 2026-09-01 15:53:35,687 ] 65 src.postgres.data_io.bulk_loader - INFO - Tái thiết lập các ràng buộc khóa ngoại và xây dựng lại chỉ mục...
[ 2026-09-01 15:53:35,687 ] 70 src.postgres.data_io.bulk_loader - INFO - Transaction COMMIT thành công.
[ 2026-09-01 15:53:35,687 ] 101 src.postgres.data_io.bulk_loader - INFO - Tiến hành ANALYZE cho bảng raw.minuteSleep_merged...
[ 2026-09-01 15:53:35,887 ] 117 src.postgres.data_io.bulk_loader - INFO - ANALYZE hoàn tất. Thống kê của planner đã được cập nhật.
[ 2026-09-01 15:53:35,887 ] 44 NutritionAI - INFO -   ✅ Thành công: 'raw.minuteSleep_merged'
[ 2026-09-01 15:53:35,887 ] 35 NutritionAI - INFO -   -> Đang nạp file 'minuteStepsNarrow_merged.csv' vào bảng 'raw.minuteStepsNarrow_merged'...
[ 2026-09-01 15:53:35,889 ] 31 src.postgres.data_io.bulk_loader - INFO - Bắt đầu quá trình Bulk Load cho bảng 'raw.minuteStepsNarrow_merged' từ file 'D:\NutritionAI_V1\Data\raw\Fitabase Data 3.12.16-4.11.16\minuteStepsNarrow_merged.csv'...
[ 2026-09-01 15:53:35,889 ] 34 src.postgres.data_io.bulk_loader - INFO - Tăng maintenance_work_mem lên 2GB
[ 2026-09-01 15:53:35,889 ] 38 src.postgres.data_io.bulk_loader - INFO - Tạm thời gỡ bỏ các ràng buộc khóa ngoại và chỉ mục (Cần implement chi tiết DDL)...
[ 2026-09-01 15:53:35,889 ] 43 src.postgres.data_io.bulk_loader - INFO - Thực thi lệnh COPY trực tiếp từ server file...
[ 2026-09-01 15:53:37,798 ] 62 src.postgres.data_io.bulk_loader - INFO - Đã COPY thành công. Số dòng bị ảnh hưởng: 1445040
[ 2026-09-01 15:53:37,798 ] 65 src.postgres.data_io.bulk_loader - INFO - Tái thiết lập các ràng buộc khóa ngoại và xây dựng lại chỉ mục...
[ 2026-09-01 15:53:37,802 ] 70 src.postgres.data_io.bulk_loader - INFO - Transaction COMMIT thành công.
[ 2026-09-01 15:53:37,802 ] 101 src.postgres.data_io.bulk_loader - INFO - Tiến hành ANALYZE cho bảng raw.minuteStepsNarrow_merged...
[ 2026-09-01 15:53:38,237 ] 117 src.postgres.data_io.bulk_loader - INFO - ANALYZE hoàn tất. Thống kê của planner đã được cập nhật.
[ 2026-09-01 15:53:38,237 ] 44 NutritionAI - INFO -   ✅ Thành công: 'raw.minuteStepsNarrow_merged'
[ 2026-09-01 15:53:38,237 ] 35 NutritionAI - INFO -   -> Đang nạp file 'weightLogInfo_merged.csv' vào bảng 'raw.weightLogInfo_merged'...
[ 2026-09-01 15:53:38,237 ] 31 src.postgres.data_io.bulk_loader - INFO - Bắt đầu quá trình Bulk Load cho bảng 'raw.weightLogInfo_merged' từ file 'D:\NutritionAI_V1\Data\raw\Fitabase Data 3.12.16-4.11.16\weightLogInfo_merged.csv'...
[ 2026-09-01 15:53:38,237 ] 34 src.postgres.data_io.bulk_loader - INFO - Tăng maintenance_work_mem lên 2GB
[ 2026-09-01 15:53:38,240 ] 38 src.postgres.data_io.bulk_loader - INFO - Tạm thời gỡ bỏ các ràng buộc khóa ngoại và chỉ mục (Cần implement chi tiết DDL)...
[ 2026-09-01 15:53:38,240 ] 43 src.postgres.data_io.bulk_loader - INFO - Thực thi lệnh COPY trực tiếp từ server file...
[ 2026-09-01 15:53:38,240 ] 62 src.postgres.data_io.bulk_loader - INFO - Đã COPY thành công. Số dòng bị ảnh hưởng: 33
[ 2026-09-01 15:53:38,240 ] 65 src.postgres.data_io.bulk_loader - INFO - Tái thiết lập các ràng buộc khóa ngoại và xây dựng lại chỉ mục...
[ 2026-09-01 15:53:38,240 ] 70 src.postgres.data_io.bulk_loader - INFO - Transaction COMMIT thành công.
[ 2026-09-01 15:53:38,240 ] 101 src.postgres.data_io.bulk_loader - INFO - Tiến hành ANALYZE cho bảng raw.weightLogInfo_merged...
[ 2026-09-01 15:53:38,240 ] 117 src.postgres.data_io.bulk_loader - INFO - ANALYZE hoàn tất. Thống kê của planner đã được cập nhật.
[ 2026-09-01 15:53:38,240 ] 44 NutritionAI - INFO -   ✅ Thành công: 'raw.weightLogInfo_merged'
[ 2026-09-01 15:53:38,240 ] 125 NutritionAI - INFO - 
🎉 Đã hoàn tất tiến trình Bulk Load!
