[ 2026-09-02 13:39:23,840 ] 108 NutritionAI - INFO - 
--- Bắt đầu quét thư mục schema: D:\NutritionAI_V1\src\api\data_schema ---
[ 2026-09-02 13:39:24,156 ] 48 NutritionAI - INFO - 📂 Đang xử lý nhóm dữ liệu: Fitabase Data 3.12.16-4.11.16
[ 2026-09-02 13:39:24,156 ] 65 NutritionAI - INFO - Đang xử lý DDL cho bảng "raw"."dailyActivity_merged"...
[ 2026-09-02 13:39:24,161 ] 92 NutritionAI - INFO - ✅ Đã tạo bảng "raw"."dailyActivity_merged" thành công!
[ 2026-09-02 13:39:24,161 ] 65 NutritionAI - INFO - Đang xử lý DDL cho bảng "raw"."heartrate_seconds_merged"...
[ 2026-09-02 13:39:24,172 ] 92 NutritionAI - INFO - ✅ Đã tạo bảng "raw"."heartrate_seconds_merged" thành công!
[ 2026-09-02 13:39:24,173 ] 65 NutritionAI - INFO - Đang xử lý DDL cho bảng "raw"."hourlyCalories_merged"...
[ 2026-09-02 13:39:24,176 ] 92 NutritionAI - INFO - ✅ Đã tạo bảng "raw"."hourlyCalories_merged" thành công!
[ 2026-09-02 13:39:24,178 ] 65 NutritionAI - INFO - Đang xử lý DDL cho bảng "raw"."hourlyIntensities_merged"...
[ 2026-09-02 13:39:24,181 ] 92 NutritionAI - INFO - ✅ Đã tạo bảng "raw"."hourlyIntensities_merged" thành công!
[ 2026-09-02 13:39:24,181 ] 65 NutritionAI - INFO - Đang xử lý DDL cho bảng "raw"."hourlySteps_merged"...
[ 2026-09-02 13:39:24,184 ] 92 NutritionAI - INFO - ✅ Đã tạo bảng "raw"."hourlySteps_merged" thành công!
[ 2026-09-02 13:39:24,184 ] 65 NutritionAI - INFO - Đang xử lý DDL cho bảng "raw"."minuteCaloriesNarrow_merged"...
[ 2026-09-02 13:39:24,190 ] 92 NutritionAI - INFO - ✅ Đã tạo bảng "raw"."minuteCaloriesNarrow_merged" thành công!
[ 2026-09-02 13:39:24,190 ] 65 NutritionAI - INFO - Đang xử lý DDL cho bảng "raw"."minuteIntensitiesNarrow_merged"...
[ 2026-09-02 13:39:24,193 ] 92 NutritionAI - INFO - ✅ Đã tạo bảng "raw"."minuteIntensitiesNarrow_merged" thành công!
[ 2026-09-02 13:39:24,193 ] 65 NutritionAI - INFO - Đang xử lý DDL cho bảng "raw"."minuteMETsNarrow_merged"...
[ 2026-09-02 13:39:24,193 ] 92 NutritionAI - INFO - ✅ Đã tạo bảng "raw"."minuteMETsNarrow_merged" thành công!
[ 2026-09-02 13:39:24,193 ] 65 NutritionAI - INFO - Đang xử lý DDL cho bảng "raw"."minuteSleep_merged"...
[ 2026-09-02 13:39:24,200 ] 92 NutritionAI - INFO - ✅ Đã tạo bảng "raw"."minuteSleep_merged" thành công!
[ 2026-09-02 13:39:24,200 ] 65 NutritionAI - INFO - Đang xử lý DDL cho bảng "raw"."minuteStepsNarrow_merged"...
[ 2026-09-02 13:39:24,207 ] 92 NutritionAI - INFO - ✅ Đã tạo bảng "raw"."minuteStepsNarrow_merged" thành công!
[ 2026-09-02 13:39:24,207 ] 65 NutritionAI - INFO - Đang xử lý DDL cho bảng "raw"."weightLogInfo_merged"...
[ 2026-09-02 13:39:24,210 ] 92 NutritionAI - INFO - ✅ Đã tạo bảng "raw"."weightLogInfo_merged" thành công!
