[ 2026-09-06 14:21:51,550 ] 54 NutritionAI - INFO - Bắt đầu Data Transformation Pipeline...
[ 2026-09-06 14:21:51,550 ] 78 NutritionAI - INFO - Phase 1: Chuẩn hóa trục thời gian và Load Data...
[ 2026-09-06 14:21:51,960 ] 95 NutritionAI - INFO - Đã chuẩn hóa bảng: dailyActivity_merged
[ 2026-09-06 14:24:43,938 ] 95 NutritionAI - INFO - Đã chuẩn hóa bảng: heartrate_seconds_merged
[ 2026-09-06 14:24:47,844 ] 95 NutritionAI - INFO - Đã chuẩn hóa bảng: hourlyCalories_merged
[ 2026-09-06 14:24:51,604 ] 95 NutritionAI - INFO - Đã chuẩn hóa bảng: hourlyIntensities_merged
[ 2026-09-06 14:24:55,319 ] 95 NutritionAI - INFO - Đã chuẩn hóa bảng: hourlySteps_merged
[ 2026-09-06 14:28:41,501 ] 95 NutritionAI - INFO - Đã chuẩn hóa bảng: minuteCaloriesNarrow_merged
[ 2026-09-06 14:32:10,080 ] 95 NutritionAI - INFO - Đã chuẩn hóa bảng: minuteIntensitiesNarrow_merged
[ 2026-09-06 14:35:52,991 ] 95 NutritionAI - INFO - Đã chuẩn hóa bảng: minuteMETsNarrow_merged
[ 2026-09-06 14:36:23,944 ] 95 NutritionAI - INFO - Đã chuẩn hóa bảng: minuteSleep_merged
[ 2026-09-06 14:40:04,268 ] 95 NutritionAI - INFO - Đã chuẩn hóa bảng: minuteStepsNarrow_merged
[ 2026-09-06 14:40:04,279 ] 95 NutritionAI - INFO - Đã chuẩn hóa bảng: weightLogInfo_merged
[ 2026-09-06 14:40:04,281 ] 105 NutritionAI - INFO - Phase 2: Aggregation và Nội suy dữ liệu...
[ 2026-09-06 14:40:04,986 ] 145 NutritionAI - INFO - Đã Aggregate bảng: heartrate_seconds_merged
[ 2026-09-06 14:40:06,563 ] 145 NutritionAI - INFO - Đã Aggregate bảng: hourlyCalories_merged
[ 2026-09-06 14:40:09,740 ] 145 NutritionAI - INFO - Đã Aggregate bảng: hourlyIntensities_merged
[ 2026-09-06 14:40:11,408 ] 145 NutritionAI - INFO - Đã Aggregate bảng: hourlySteps_merged
[ 2026-09-06 14:40:13,606 ] 145 NutritionAI - INFO - Đã Aggregate bảng: minuteCaloriesNarrow_merged
[ 2026-09-06 14:40:15,757 ] 145 NutritionAI - INFO - Đã Aggregate bảng: minuteIntensitiesNarrow_merged
[ 2026-09-06 14:40:17,864 ] 145 NutritionAI - INFO - Đã Aggregate bảng: minuteMETsNarrow_merged
[ 2026-09-06 14:40:19,450 ] 145 NutritionAI - INFO - Đã Aggregate bảng: minuteSleep_merged
[ 2026-09-06 14:40:21,594 ] 145 NutritionAI - INFO - Đã Aggregate bảng: minuteStepsNarrow_merged
[ 2026-09-06 14:40:22,340 ] 177 NutritionAI - INFO - Phase 3: Master Join và Khảo sát dữ liệu...
[ 2026-09-06 14:40:22,385 ] 189 NutritionAI - INFO - ---------- BÁO CÁO ĐÁNH GIÁ MASTER DATAFRAME ----------
[ 2026-09-06 14:40:22,385 ] 192 NutritionAI - INFO - [1] Kích thước (Shape): 452 dòng, 141 cột
[ 2026-09-06 14:40:22,392 ] 198 NutritionAI - INFO - [2] Tỉ lệ Dữ liệu khuyết (Missing %):
BMI                                              92.70
LogId                                            92.70
WeightPounds                                     92.70
IsManualReport                                   92.70
WeightKg                                         92.70
Value_mean                                       68.36
Value_get_mode                                   68.36
Value_q1                                         68.36
Value_q3                                         68.36
Value_max                                        68.36
Value_min                                        68.36
Value_std                                        68.36
Value_median                                     68.36
Value_var                                        68.36
Value_get_kurt                                   68.36
Value_get_skew                                   68.36
value_min                                        55.97
logId_median                                     55.97
logId_std                                        55.97
value_get_mode                                   55.97
value_q3                                         55.97
value_q1                                         55.97
value_var                                        55.97
value_max                                        55.97
value_median                                     55.97
value_std                                        55.97
value_mean                                       55.97
logId_mean                                       55.97
logId_max                                        55.97
logId_min                                        55.97
logId_get_kurt                                   55.97
logId_get_skew                                   55.97
logId_var                                        55.97
value_get_skew                                   55.97
value_get_kurt                                   55.97
logId_get_mode                                   55.97
logId_q3                                         55.97
logId_q1                                         55.97
StepTotal_get_kurt                                5.75
Calories_get_kurt                                 5.75
AverageIntensity_get_kurt                         5.75
TotalIntensity_get_kurt                           5.75
AverageIntensity_max                              5.31
TotalIntensity_get_mode                           5.31
TotalIntensity_var                                5.31
TotalIntensity_get_skew                           5.31
TotalIntensity_q1                                 5.31
Calories_min                                      5.31
Calories_var                                      5.31
Calories_median                                   5.31
Calories_get_mode                                 5.31
Calories_std                                      5.31
Calories_q3                                       5.31
Calories_get_skew                                 5.31
TotalIntensity_mean                               5.31
TotalIntensity_max                                5.31
TotalIntensity_min                                5.31
TotalIntensity_std                                5.31
TotalIntensity_median                             5.31
Calories_q1                                       5.31
Calories_max                                      5.31
Calories_mean                                     5.31
Calories_get_mode_minuteCaloriesNarrow_merged     5.31
Calories_var_minuteCaloriesNarrow_merged          5.31
Calories_median_minuteCaloriesNarrow_merged       5.31
Calories_std_minuteCaloriesNarrow_merged          5.31
Calories_min_minuteCaloriesNarrow_merged          5.31
Calories_max_minuteCaloriesNarrow_merged          5.31
Calories_mean_minuteCaloriesNarrow_merged         5.31
StepTotal_get_skew                                5.31
StepTotal_var                                     5.31
StepTotal_q3                                      5.31
StepTotal_q1                                      5.31
StepTotal_get_mode                                5.31
StepTotal_std                                     5.31
StepTotal_median                                  5.31
StepTotal_min                                     5.31
StepTotal_max                                     5.31
AverageIntensity_mean                             5.31
StepTotal_mean                                    5.31
AverageIntensity_get_skew                         5.31
AverageIntensity_q3                               5.31
AverageIntensity_get_mode                         5.31
AverageIntensity_q1                               5.31
AverageIntensity_var                              5.31
AverageIntensity_median                           5.31
TotalIntensity_q3                                 5.31
AverageIntensity_std                              5.31
AverageIntensity_min                              5.31
Calories_get_skew_minuteCaloriesNarrow_merged     5.31
Intensity_median                                  5.31
Intensity_var                                     5.31
Calories_q1_minuteCaloriesNarrow_merged           5.31
Calories_q3_minuteCaloriesNarrow_merged           5.31
METs_get_kurt                                     5.31
METs_get_skew                                     5.31
METs_std                                          5.31
METs_median                                       5.31
METs_var                                          5.31
METs_get_mode                                     5.31
METs_q1                                           5.31
METs_q3                                           5.31
METs_min                                          5.31
METs_max                                          5.31
Intensity_get_mode                                5.31
Intensity_q1                                      5.31
Intensity_q3                                      5.31
Intensity_get_skew                                5.31
Intensity_get_kurt                                5.31
METs_mean                                         5.31
Intensity_std                                     5.31
Intensity_min                                     5.31
Intensity_max                                     5.31
Intensity_mean                                    5.31
Calories_get_kurt_minuteCaloriesNarrow_merged     5.31
Steps_mean                                        5.31
Steps_min                                         5.31
Steps_max                                         5.31
Steps_q1                                          5.31
Steps_get_mode                                    5.31
Steps_var                                         5.31
Steps_median                                      5.31
Steps_std                                         5.31
Steps_get_kurt                                    5.31
Steps_q3                                          5.31
Steps_get_skew                                    5.31
[ 2026-09-06 14:40:22,407 ] 206 NutritionAI - INFO - [3] Tỉ lệ Giá trị 0 (%):
LoggedActivitiesDistance                         94.69
Intensity_median                                 94.69
Intensity_get_mode                               94.69
Intensity_q1                                     94.69
Steps_min                                        94.69
Steps_median                                     94.69
Steps_get_mode                                   94.69
Steps_q1                                         94.69
Intensity_min                                    94.69
TotalIntensity_min                               94.47
StepTotal_min                                    94.47
AverageIntensity_min                             94.47
StepTotal_get_mode                               94.03
AverageIntensity_get_mode                        92.26
TotalIntensity_get_mode                          92.26
SedentaryActiveDistance                          91.59
Steps_q3                                         86.50
Intensity_q3                                     83.41
StepTotal_q1                                     68.36
AverageIntensity_q1                              65.49
TotalIntensity_q1                                65.49
VeryActiveDistance                               53.10
VeryActiveMinutes                                52.21
ModeratelyActiveDistance                         49.34
FairlyActiveMinutes                              49.12
StepTotal_median                                 25.88
AverageIntensity_median                          24.12
TotalIntensity_median                            24.12
logId_var                                        19.69
logId_get_skew                                   19.69
logId_get_kurt                                   19.69
logId_std                                        19.69
StepTotal_q3                                     15.71
LightActiveDistance                              15.27
TotalIntensity_q3                                15.04
AverageIntensity_q3                              15.04
LightlyActiveMinutes                             14.82
TrackerDistance                                  13.50
TotalDistance                                    12.83
TotalSteps                                       12.39
Calories_std                                      9.73
Steps_var                                         9.73
TotalIntensity_get_skew                           9.73
TotalIntensity_std                                9.73
TotalIntensity_var                                9.73
Calories_get_skew                                 9.73
TotalIntensity_mean                               9.73
TotalIntensity_max                                9.73
Calories_var                                      9.73
Intensity_mean                                    9.73
Intensity_max                                     9.73
StepTotal_mean                                    9.73
AverageIntensity_max                              9.73
StepTotal_max                                     9.73
AverageIntensity_var                              9.73
AverageIntensity_std                              9.73
AverageIntensity_mean                             9.73
StepTotal_get_skew                                9.73
Steps_std                                         9.73
Steps_mean                                        9.73
Steps_max                                         9.73
Steps_get_kurt                                    9.73
Steps_get_skew                                    9.73
Intensity_get_kurt                                9.73
Intensity_get_skew                                9.73
StepTotal_std                                     9.73
Intensity_std                                     9.73
StepTotal_var                                     9.73
AverageIntensity_get_skew                         9.73
Intensity_var                                     9.73
Calories_get_kurt                                 9.51
TotalIntensity_get_kurt                           9.51
AverageIntensity_get_kurt                         9.51
StepTotal_get_kurt                                9.51
METs_var                                          9.07
Calories_get_skew_minuteCaloriesNarrow_merged     9.07
Calories_var_minuteCaloriesNarrow_merged          9.07
Calories_get_kurt_minuteCaloriesNarrow_merged     9.07
Calories_std_minuteCaloriesNarrow_merged          9.07
METs_std                                          9.07
METs_get_skew                                     9.07
METs_get_kurt                                     9.07
IsManualReport                                    2.21
METs_min                                          1.11
Calories_min_minuteCaloriesNarrow_merged          0.88
value_get_kurt                                    0.44
value_get_skew                                    0.44
value_var                                         0.44
value_std                                         0.44
[ 2026-09-06 14:40:22,407 ] 210 NutritionAI - INFO - -------------------------------------------------------
[ 2026-09-06 14:40:22,410 ] 211 NutritionAI - INFO - Tạm dừng các bước làm sạch (Imputation/Drop). Giữ nguyên trạng thái thô sau Merge.
[ 2026-09-06 14:40:22,420 ] 230 NutritionAI - INFO - Đã xuất báo cáo chi tiết ra file: D:\NutritionAI_V1\Artifacts\reports\data_assessment_report.txt
[ 2026-09-06 14:40:22,421 ] 242 NutritionAI - INFO - Phase 4: Lọc đa cộng tuyến và Đóng gói...
[ 2026-09-06 14:40:22,461 ] 253 NutritionAI - INFO - Đã xóa các cột bị đa cộng tuyến (>0.85): ['TotalDistance', 'TrackerDistance', 'VeryActiveMinutes', 'LightlyActiveMinutes', 'Value_median', 'Value_var', 'Value_q1', 'Value_q3', 'Calories_mean', 'Calories_std', 'Calories_median', 'Calories_var', 'Calories_get_mode', 'Calories_q1', 'Calories_q3', 'Calories_get_kurt', 'TotalIntensity_mean', 'TotalIntensity_max', 'TotalIntensity_std', 'TotalIntensity_var', 'TotalIntensity_q3', 'TotalIntensity_get_skew', 'TotalIntensity_get_kurt', 'AverageIntensity_mean', 'AverageIntensity_max', 'AverageIntensity_min', 'AverageIntensity_std', 'AverageIntensity_median', 'AverageIntensity_var', 'AverageIntensity_get_mode', 'AverageIntensity_q1', 'AverageIntensity_q3', 'AverageIntensity_get_skew', 'AverageIntensity_get_kurt', 'StepTotal_mean', 'StepTotal_max', 'StepTotal_min', 'StepTotal_std', 'StepTotal_median', 'StepTotal_var', 'StepTotal_q3', 'StepTotal_get_skew', 'StepTotal_get_kurt', 'Calories_mean_minuteCaloriesNarrow_merged', 'Calories_min_minuteCaloriesNarrow_merged', 'Calories_std_minuteCaloriesNarrow_merged', 'Calories_median_minuteCaloriesNarrow_merged', 'Calories_var_minuteCaloriesNarrow_merged', 'Calories_get_mode_minuteCaloriesNarrow_merged', 'Calories_q1_minuteCaloriesNarrow_merged', 'Calories_get_kurt_minuteCaloriesNarrow_merged', 'Intensity_mean', 'Intensity_std', 'Intensity_var', 'Intensity_get_skew', 'Intensity_get_kurt', 'METs_mean', 'METs_max', 'METs_std', 'METs_var', 'METs_q1', 'METs_q3', 'METs_get_skew', 'METs_get_kurt', 'value_var', 'value_get_mode', 'value_get_kurt', 'logId_max', 'logId_min', 'logId_median', 'logId_var', 'logId_get_mode', 'logId_q1', 'logId_q3', 'logId_get_kurt', 'Steps_mean', 'Steps_max', 'Steps_std', 'Steps_var', 'Steps_get_skew', 'Steps_get_kurt', 'WeightKg', 'WeightPounds', 'LogId']
[ 2026-09-06 14:40:22,505 ] 260 NutritionAI - INFO - Đã xuất file CSV sẵn sàng cho Model tại: D:\NutritionAI_V1\Data\processed\core_daily_calories_features.csv
[ 2026-09-06 14:40:22,505 ] 68 NutritionAI - INFO - Hoàn thành Data Transformation Pipeline!
